Scope 0
Scope 1
Scope 2
Scope 1 again
Scope 2 again
Scope 3
Scope 4
Scope 3 again
Scope 4 again
Scope 5
Scope 4 again
Scope 3 again
Scope 2 again
Scope 1 again
Scope 0 again
