Scope 0
Scope 1
Scope 2
Scope 1 again
Scope 0 again
