ERROR (line 6): Redeclaration of variable 'test' (originally defined on line 2)
