ERROR (line 2): Cannot chain non-associative operators.
