ERROR (line 3): Redeclaration of variable 'my_var' (originally defined on line 2)
