This
sentence
should
be
printed
one
word
per
line.
