Scanning 'abra cadabra'...
 ...has 'ab'
 ...has 'ca'
