Trim Back:  hello
Trim Front: hello
Remove:     hello
